Microchip MPLAB XC8 Compiler V2.40

Linker command line:

-W-3 \
  --edf=C:\Program Files\Microchip\xc8\v2.40\pic\dat\20220703182018_en.msgs \
  -cn -h+dist/default/production\Hola_MundoC.X.production.sym \
  --cmf=dist/default/production\Hola_MundoC.X.production.cmf -z -Q16F887 \
  -oC:\Users\pablo\AppData\Local\Temp\xcAscu0.4 --defsym=__MPLAB_BUILD=1 \
  --fixupoverflow=error \
  -Mdist/default/production/Hola_MundoC.X.production.map \
  --md=C:\Users\pablo\AppData\Local\Temp\xcAscu0.dat -E1 -ver=XC8 Compiler \
  --acfsm=1493 -ACODE=00h-07FFhx4 -ASTRCODE=00h-01FFFh -ASTRING=00h-0FFhx32 \
  -ACONST=00h-0FFhx32 -AENTRY=00h-0FFhx32 -ACOMMON=070h-07Fh \
  -ABANK0=020h-06Fh -ABANK1=0A0h-0EFh -ABANK2=0110h-016Fh \
  -ABANK3=0190h-01EFh -ARAM=020h-06Fh,0A0h-0EFh,0110h-016Fh,0190h-01EFh \
  -AABS1=020h-07Fh,0A0h-0EFh,0110h-016Fh,0190h-01EFh -ASFR0=00h-01Fh \
  -ASFR1=080h-09Fh -ASFR2=0100h-010Fh -ASFR3=0180h-018Fh \
  -ACONFIG=02007h-02008h -DCONFIG=2 -AIDLOC=02000h-02003h -DIDLOC=2 \
  -AEEDATA=00h-0FFh/02100h -peeprom_data=EEDATA -DEEDATA=2 -DCODE=2 \
  -DSTRCODE=2 -DSTRING=2 -DCONST=2 -DENTRY=2 \
  -preset_vec=00h,intentry=04h,init,end_init -ppowerup=CODE -pcinit=CODE \
  -pfunctab=ENTRY -k C:\Users\pablo\AppData\Local\Temp\xcAscu0.o \
  dist/default/production\Hola_MundoC.X.production.o 

Object code version is 3.11

Machine type is 16F887



                Name                               Link     Load   Length Selector   Space Scale
C:\Users\pablo\AppData\Local\Temp\xcAscu0.o
                end_init                              C        C        3        8       0
                reset_vec                             0        0        3        0       0
                config                             2007     2007        2        0       4
                idloc                              2000     2000        4        0       5
dist/default/production\Hola_MundoC.X.production.o
                cinit                                 F        F        C        8       0
                intentry                              4        4        8        8       0
                config                             2007     2007        2        0       4
                idloc                              2000     2000        4        0       5
                text9                               350      350       1E      326       0
                text8                               36E      36E       1D      326       0
                text7                               31C      31C       34      326       0
                text6                               21C      21C       46      326       0
                text5                               2A5      2A5       3C      326       0
                text4                                1B       1B       C3        8       0
                text3                               2E1      2E1       3B      326       0
                text2                               38B      38B       18      326       0
                text1                               262      262       43      326       0
                maintext                            193      193       89      326       0
                cstackBANK0                          20       20       26       20       1
                cstackCOMMON                         70       70        8       70       1
                bssBANK0                             46       46        4       20       1
                bssCOMMON                            78       78        2       70       1
                strings                             100      100       93      200       0

TOTAL           Name                               Link     Load   Length     Space
        CLASS   CODE           
                end_init                              C        C        3         0
                cinit                                 F        F        C         0
                intentry                              4        4        8         0
                reset_vec                             0        0        3         0
                text9                               350      350       1E         0
                text8                               36E      36E       1D         0
                text7                               31C      31C       34         0
                text6                               21C      21C       46         0
                text5                               2A5      2A5       3C         0
                text4                                1B       1B       C3         0
                text3                               2E1      2E1       3B         0
                text2                               38B      38B       18         0
                text1                               262      262       43         0
                maintext                            193      193       89         0

        CLASS   STRCODE        

        CLASS   STRING         
                strings                             100      100       93         0

        CLASS   CONST          

        CLASS   ENTRY          

        CLASS   COMMON         
                cstackCOMMON                         70       70        8         1
                bssCOMMON                            78       78        2         1

        CLASS   BANK0          
                cstackBANK0                          20       20       26         1
                bssBANK0                             46       46        4         1

        CLASS   BANK1          

        CLASS   BANK2          

        CLASS   BANK3          

        CLASS   RAM            

        CLASS   ABS1           
                abs_s1                               7E       7E        2         1

        CLASS   SFR0           

        CLASS   SFR1           

        CLASS   SFR2           

        CLASS   SFR3           

        CLASS   CONFIG         
                config                             2007     2007        2         4

        CLASS   IDLOC          
                idloc                              2000     2000        4         5

        CLASS   EEDATA         

        CLASS   STACK          



SEGMENTS        Name                           Load    Length   Top    Selector   Space  Class     Delta

                reset_vec                      000000  000003  000003         0       0  CODE        2
                intentry                       000004  0000DA  0000DE         8       0  CODE        2
                cstackBANK0                    000020  00002A  00004A        20       1  BANK0       1
                cstackCOMMON                   000070  00000A  00007A        70       1  COMMON      1
                strings                        000100  000093  000193       200       0  STRING      2
                maintext                       000193  000210  0003A3       326       0  CODE        2


UNUSED ADDRESS RANGES

        Name                Unused          Largest block    Delta
        BANK0            004A-006F             26           1
        BANK1            00A0-00EF             50           1
        BANK2            0110-016F             60           1
        BANK3            0190-01EF             60           1
        CODE             0003-0003              1           2
                         00DE-00FF             22
                         03A3-1FFF            800
        COMMON           007A-007D              4           1
        CONST            0003-0003              1           2
                         00DE-00FF             22
                         03A3-1FFF            100
        EEDATA           2100-21FF            100           2
        ENTRY            0003-0003              1           2
                         00DE-00FF             22
                         03A3-1FFF            100
        RAM              004A-006F             26           1
                         00A0-00EF             50
                         0110-016F             60
                         0190-01EF             60
        SFR0             0000-001F             20           1
        SFR1             0080-009F             20           1
        SFR2             0100-010F             10           1
        SFR3             0180-018F             10           1
        STRCODE          0003-0003              1           2
                         00DE-00FF             22
                         03A3-1FFF           1C5D
        STRING           0003-0003              1           2
                         00DE-00FF             22
                         03A3-1FFF            100

                                  Symbol Table

?___lwdiv                      cstackCOMMON 0074
?___lwmod                      cstackBANK0  0024
?_sprintf                      cstackBANK0  002A
?_strlen                       cstackCOMMON 0074
_ADCON0bits                    (abs)        001F
_ADCON1bits                    (abs)        009F
_ADIF                          (abs)        0066
_ADRESH                        (abs)        001E
_ANSEL                         (abs)        0188
_ANSELH                        (abs)        0189
_BRG16                         (abs)        0C3B
_BRGH                          (abs)        04C2
_CREN                          (abs)        00C4
_INTCONbits                    (abs)        000B
_OPTION_REGbits                (abs)        0081
_OSCCONbits                    (abs)        008F
_PIE1bits                      (abs)        008C
_PIR1bits                      (abs)        000C
_PORTA                         (abs)        0005
_PORTB                         (abs)        0006
_PORTD                         (abs)        0008
_RCIF                          (abs)        0065
_RCREG                         (abs)        001A
_SPBRG                         (abs)        0099
_SPBRGH                        (abs)        009A
_SPEN                          (abs)        00C7
_SYNC                          (abs)        04C4
_T0IF                          (abs)        005A
_TMR0                          (abs)        0001
_TRISA                         (abs)        0085
_TRISB                         (abs)        0086
_TRISD                         (abs)        0088
_TXEN                          (abs)        04C5
_TXIF                          (abs)        0064
_TXREG                         (abs)        0019
__Habs1                        abs1         0000
__Hbank0                       bank0        0000
__Hbank1                       bank1        0000
__Hbank2                       bank2        0000
__Hbank3                       bank3        0000
__HbssBANK0                    bssBANK0     0000
__HbssCOMMON                   bssCOMMON    0000
__Hcinit                       cinit        001B
__Hclrtext                     clrtext      0000
__Hcode                        code         0000
__Hcommon                      common       0000
__Hconfig                      config       2009
__HcstackBANK0                 cstackBANK0  0000
__HcstackCOMMON                cstackCOMMON 0000
__Heeprom_data                 eeprom_data  0000
__Hend_init                    end_init     000F
__Hfunctab                     functab      0000
__Hidloc                       idloc        2004
__Hinit                        init         000C
__Hintentry                    intentry     000C
__Hmaintext                    maintext     0000
__Hpowerup                     powerup      0000
__Hram                         ram          0000
__Hreset_vec                   reset_vec    0003
__Hsfr0                        sfr0         0000
__Hsfr1                        sfr1         0000
__Hsfr2                        sfr2         0000
__Hsfr3                        sfr3         0000
__Hspace_0                     (abs)        03A3
__Hspace_1                     (abs)        007A
__Hspace_2                     (abs)        0000
__Hspace_3                     (abs)        0000
__Hspace_4                     (abs)        4010
__Hstack                       stack        0000
__Hstrings                     strings      0000
__Htext                        text         0000
__Labs1                        abs1         0000
__Lbank0                       bank0        0000
__Lbank1                       bank1        0000
__Lbank2                       bank2        0000
__Lbank3                       bank3        0000
__LbssBANK0                    bssBANK0     0000
__LbssCOMMON                   bssCOMMON    0000
__Lcinit                       cinit        000F
__Lclrtext                     clrtext      0000
__Lcode                        code         0000
__Lcommon                      common       0000
__Lconfig                      config       0000
__LcstackBANK0                 cstackBANK0  0000
__LcstackCOMMON                cstackCOMMON 0000
__Leeprom_data                 eeprom_data  0000
__Lend_init                    end_init     000C
__Lfunctab                     functab      0000
__Lidloc                       idloc        0000
__Linit                        init         000C
__Lintentry                    intentry     0004
__Lmaintext                    maintext     0000
__Lpowerup                     powerup      0000
__Lram                         ram          0000
__Lreset_vec                   reset_vec    0000
__Lsfr0                        sfr0         0000
__Lsfr1                        sfr1         0000
__Lsfr2                        sfr2         0000
__Lsfr3                        sfr3         0000
__Lspace_0                     (abs)        0000
__Lspace_1                     (abs)        0000
__Lspace_2                     (abs)        0000
__Lspace_3                     (abs)        0000
__Lspace_4                     (abs)        0000
__Lstack                       stack        0000
__Lstrings                     strings      0000
__Ltext                        text         0000
__S0                           (abs)        03A3
__S1                           (abs)        007A
__S3                           (abs)        0000
___int_sp                      stack        0000
___latbits                     (abs)        0002
___lwdiv                       text6        021C
___lwdiv@counter               cstackBANK0  0021
___lwdiv@dividend              cstackCOMMON 0076
___lwdiv@divisor               cstackCOMMON 0074
___lwdiv@quotient              cstackBANK0  0022
___lwmod                       text5        02A5
___lwmod@counter               cstackBANK0  0029
___lwmod@dividend              cstackBANK0  0026
___lwmod@divisor               cstackBANK0  0024
___sp                          stack        0000
___stackhi                     (abs)        0000
___stacklo                     (abs)        0000
__end_of___lwdiv               text6        0262
__end_of___lwmod               text5        02E1
__end_of__initialization       cinit        0017
__end_of__stringtab            strings      0106
__end_of_cadena                text7        0350
__end_of_dpowers               strings      0110
__end_of_enviar_numero_decimal text3        031C
__end_of_initUART              text2        03A3
__end_of_isr                   text9        036E
__end_of_main                  maintext     021C
__end_of_setup                 text1        02A5
__end_of_sprintf               text4        00DE
__end_of_strlen                text8        038B
__initialization               cinit        000F
__pbssBANK0                    bssBANK0     0046
__pbssCOMMON                   bssCOMMON    0078
__pcstackBANK0                 cstackBANK0  0020
__pcstackCOMMON                cstackCOMMON 0070
__pintentry                    intentry     0004
__pmaintext                    maintext     0193
__pstrings                     strings      0100
__ptext1                       text1        0262
__ptext2                       text2        038B
__ptext3                       text3        02E1
__ptext4                       text4        001B
__ptext5                       text5        02A5
__ptext6                       text6        021C
__ptext7                       text7        031C
__ptext8                       text8        036E
__ptext9                       text9        0350
__stringbase                   strings      0105
__stringtab                    strings      0100
_cadena                        text7        031C
_dpowers                       strings      0106
_enviar_numero_decimal         text3        02E1
_initUART                      text2        038B
_isr                           text9        0350
_main                          maintext     0193
_numero                        bssBANK0     0046
_setup                         text1        0262
_sprintf                       text4        001B
_status                        bssBANK0     0048
_strlen                        text8        036E
btemp                          (abs)        007E
cadena@i                       cstackBANK0  0024
cadena@txt                     cstackBANK0  0026
end_of_initialization          cinit        0017
enviar_numero_decimal@buffer   cstackBANK0  003B
enviar_numero_decimal@i        cstackBANK0  0041
enviar_numero_decimal@numero   cstackBANK0  0037
interrupt_function             intentry     0004
intlevel0                      functab      0000
intlevel1                      functab      0000
intlevel2                      functab      0000
intlevel3                      functab      0000
intlevel4                      functab      0000
intlevel5                      functab      0000
reset_vec                      reset_vec    0000
saved_w                        (abs)        007E
sprintf@ap                     cstackBANK0  0031
sprintf@c                      cstackBANK0  0036
sprintf@f                      cstackBANK0  002A
sprintf@flag                   cstackBANK0  0030
sprintf@prec                   cstackBANK0  0034
sprintf@sp                     cstackBANK0  0035
sprintf@val                    cstackBANK0  0032
start                          init         000C
start_initialization           cinit        000F
strlen@cp                      cstackBANK0  0021
strlen@s                       cstackBANK0  0020
wtemp0                         (abs)        007E


MODULE INFORMATION

Module		Function		Class		Link	Load	Size
C:\Program Files\Microchip\xc8\v2.40\pic\sources\c90\common\strlen.c
		_strlen        		CODE           	036E	0000	29

C:\Program Files\Microchip\xc8\v2.40\pic\sources\c90\common\strlen.c estimated size: 29

C:\Program Files\Microchip\xc8\v2.40\pic\sources\c90\common\doprnt.c
		_sprintf       		CODE           	001B	0000	195

C:\Program Files\Microchip\xc8\v2.40\pic\sources\c90\common\doprnt.c estimated size: 195

C:\Program Files\Microchip\xc8\v2.40\pic\sources\c90\common\lwmod.c
		___lwmod       		CODE           	02A5	0000	60

C:\Program Files\Microchip\xc8\v2.40\pic\sources\c90\common\lwmod.c estimated size: 60

shared
		__stringtab    		STRING         	0100	0000	6
		_dpowers       		STRING         	0106	0000	10
		__initialization		CODE           	000F	0000	8

shared estimated size: 24

Postlab_08.c
		_main          		CODE           	0193	0000	137
		_initUART      		CODE           	038B	0000	24
		_cadena        		CODE           	031C	0000	52
		_isr           		CODE           	0350	0000	30
		_setup         		CODE           	0262	0000	67
		_enviar_numero_decimal		CODE           	02E1	0000	59

Postlab_08.c estimated size: 369

C:\Program Files\Microchip\xc8\v2.40\pic\sources\c90\common\lwdiv.c
		___lwdiv       		CODE           	021C	0000	70

C:\Program Files\Microchip\xc8\v2.40\pic\sources\c90\common\lwdiv.c estimated size: 70

